// Jest Snapshot v1, https://goo.gl/fbAQLP

exports[`Choose Splashtag renders correctly 1`] = `
<Connect(Form(ChooseSplashtag))
  destroyOnUnmount={false}
  enableReinitialize={false}
  forceUnregisterOnUnmount={false}
  form="chooseSplashtag"
  getFormState={[Function]}
  keepDirtyOnReinitialize={false}
  persistentSubmitErrors={false}
  pure={true}
  shouldAsyncValidate={[Function]}
  shouldError={[Function]}
  shouldValidate={[Function]}
  shouldWarn={[Function]}
  touchOnBlur={true}
  touchOnChange={false}
  updateUnregisteredFields={false}
/>
`;
